---
source: mousefood-extras/src/logo.rs
expression: terminal.backend()
---
"▄▄▄▄   ▄▄▄  ▄   ▄ ▄▄▄▄▄ ▄▄▄▄▄▀█▀▀▀▀▀██  "
"█ █ █ █   █ █   █ █▄▄▄▄ ▀▄▄ ▀████▀█▀███ "
"█ █ █ ▀▄▄▄▀ ▀▄▄▄▀ ▄▄▄▄█ █▄██▀█████████  "
"▄▄▄▄▄  ▄▄▄   ▄▄▄  ▄▄▄▄  ▄██▀▀████▀████▀█"
"█▄▄   █   █ ▀   █ █   █▄▀▀██▀▀▀▀▀██▀████"
"█     ▀▄▄▄▀ ▀▄▄▄▀ █▄▄▄▀▄██████▀███▀██   "
